  Determining projects to restore...
  All projects are up-to-date for restore.
C:\Users\dipsh\Desktop\okay\dotnetCoreProject\ASPNETWEBAPI\Controllers\ProductController.cs(28,30): error CS0246: The type or namespace name 'Product' could not be found (are you missing a using directive or an assembly reference?) [C:\Users\dipsh\Desktop\okay\dotnetCoreProject\ASPNETWEBAPI\WeatherAPI.csproj]
C:\Users\dipsh\Desktop\okay\dotnetCoreProject\ASPNETWEBAPI\Controllers\ProductController.cs(35,25): error CS0246: The type or namespace name 'Product' could not be found (are you missing a using directive or an assembly reference?) [C:\Users\dipsh\Desktop\okay\dotnetCoreProject\ASPNETWEBAPI\WeatherAPI.csproj]
C:\Users\dipsh\Desktop\okay\dotnetCoreProject\ASPNETWEBAPI\Controllers\ProductController.cs(49,39): error CS0246: The type or namespace name 'Product' could not be found (are you missing a using directive or an assembly reference?) [C:\Users\dipsh\Desktop\okay\dotnetCoreProject\ASPNETWEBAPI\WeatherAPI.csproj]
C:\Users\dipsh\Desktop\okay\dotnetCoreProject\ASPNETWEBAPI\Controllers\ProductController.cs(49,25): error CS0246: The type or namespace name 'Product' could not be found (are you missing a using directive or an assembly reference?) [C:\Users\dipsh\Desktop\okay\dotnetCoreProject\ASPNETWEBAPI\WeatherAPI.csproj]
C:\Users\dipsh\Desktop\okay\dotnetCoreProject\ASPNETWEBAPI\Controllers\ProductController.cs(74,37): error CS0246: The type or namespace name 'Product' could not be found (are you missing a using directive or an assembly reference?) [C:\Users\dipsh\Desktop\okay\dotnetCoreProject\ASPNETWEBAPI\WeatherAPI.csproj]
C:\Users\dipsh\Desktop\okay\dotnetCoreProject\ASPNETWEBAPI\Controllers\ProductController.cs(11,34): error CS0246: The type or namespace name 'Product' could not be found (are you missing a using directive or an assembly reference?) [C:\Users\dipsh\Desktop\okay\dotnetCoreProject\ASPNETWEBAPI\WeatherAPI.csproj]

Build FAILED.

C:\Users\dipsh\Desktop\okay\dotnetCoreProject\ASPNETWEBAPI\Controllers\ProductController.cs(28,30): error CS0246: The type or namespace name 'Product' could not be found (are you missing a using directive or an assembly reference?) [C:\Users\dipsh\Desktop\okay\dotnetCoreProject\ASPNETWEBAPI\WeatherAPI.csproj]
C:\Users\dipsh\Desktop\okay\dotnetCoreProject\ASPNETWEBAPI\Controllers\ProductController.cs(35,25): error CS0246: The type or namespace name 'Product' could not be found (are you missing a using directive or an assembly reference?) [C:\Users\dipsh\Desktop\okay\dotnetCoreProject\ASPNETWEBAPI\WeatherAPI.csproj]
C:\Users\dipsh\Desktop\okay\dotnetCoreProject\ASPNETWEBAPI\Controllers\ProductController.cs(49,39): error CS0246: The type or namespace name 'Product' could not be found (are you missing a using directive or an assembly reference?) [C:\Users\dipsh\Desktop\okay\dotnetCoreProject\ASPNETWEBAPI\WeatherAPI.csproj]
C:\Users\dipsh\Desktop\okay\dotnetCoreProject\ASPNETWEBAPI\Controllers\ProductController.cs(49,25): error CS0246: The type or namespace name 'Product' could not be found (are you missing a using directive or an assembly reference?) [C:\Users\dipsh\Desktop\okay\dotnetCoreProject\ASPNETWEBAPI\WeatherAPI.csproj]
C:\Users\dipsh\Desktop\okay\dotnetCoreProject\ASPNETWEBAPI\Controllers\ProductController.cs(74,37): error CS0246: The type or namespace name 'Product' could not be found (are you missing a using directive or an assembly reference?) [C:\Users\dipsh\Desktop\okay\dotnetCoreProject\ASPNETWEBAPI\WeatherAPI.csproj]
C:\Users\dipsh\Desktop\okay\dotnetCoreProject\ASPNETWEBAPI\Controllers\ProductController.cs(11,34): error CS0246: The type or namespace name 'Product' could not be found (are you missing a using directive or an assembly reference?) [C:\Users\dipsh\Desktop\okay\dotnetCoreProject\ASPNETWEBAPI\WeatherAPI.csproj]
    0 Warning(s)
    6 Error(s)

Time Elapsed 00:00:01.54
